provinces = "locations.png"
rivers = "rivers.png"
topology = "heightmap.heightmap"
adjacencies = "adjacencies.csv"
setup = "definitions.txt"
ports = "ports.csv"
location_templates = "location_templates.txt"

equator_y = 3340
wrap_x = yes

#############
# VOLCANOES
#############
volcanoes = {
}

###################################
# All possible earthquake zones
###################################
earthquakes = {
}

#############
# SEA ZONES
#############
sea_zones = {
    seaofclaws1
    seaofclaws2
    seaofclaws3
    seaofclaws4
    seaofclaws5
    seaofclaws6
    seaofclaws7
    seaofclaws8
    seaofclaws9
    seaofclaws10
    seaofclaws11
    seaofclaws12
    seaofclaws13

    rijksmouth
    rijkskeel
    manaanshek
    westelijk_kanaal
    oostelijk_kanaal

    river_reik1
    river_reik2
    river_reik3
    river_reik4
    river_reik5
    river_reik6
    river_reik7
    river_reik8
    river_reik9
    river_reik10
    river_reik11
    river_reik12
    river_reik13
    river_reik14

	my_sea_zone
	seas1
	seas2
	seas3
	seas4
	seas5
} 

###############
# MAJOR RIVERS
###############
#river_provinces = { 628 630 }		#Thames

########
# LAKES
########
lakes = {
    Ellsee
    Taufsee
    Riffelsee
    Langwasser
    Susswasser
    Niederkiensee
    Oberkiensee
    Fieberwasser
}

#####################
# IMPASSABLE TERRAIN
#####################
# Can be colored by whoever owns the most of the province's neighbors.
# Blocks unit movement.

impassable_mountains = {
	wasteland1
	wasteland2
	wasteland3
	wasteland4
	wasteland5
	wasteland6
	wasteland7
	wasteland8
	wasteland_blocker
}

non_ownable = {
}